// Jest Snapshot v1, https://goo.gl/fbAQLP

exports[`Tables.vue renders correctly 1`] = `
<div>
  <crow-stub
    gutters="true"
    tag="div"
  >
    <ccol-stub
      lg="6"
      tag="div"
    >
      <ctablewrapper-stub
        caption="Table"
        fields="username,registered,role,status"
        items="[object Object],[object Object],[object Object],[object Object],[object Object],[object Object],[object Object],[object Object],[object Object],[object Object],[object Object],[object Object],[object Object],[object Object],[object Object],[object Object],[object Object],[object Object],[object Object],[object Object],[object Object],[object Object],[object Object],[object Object],[object Object]"
      />
    </ccol-stub>
     
    <ccol-stub
      lg="6"
      tag="div"
    >
      <ctablewrapper-stub
        caption="Striped Table"
        fields="username,registered,role,status"
        items="[object Object],[object Object],[object Object],[object Object],[object Object],[object Object],[object Object],[object Object],[object Object],[object Object],[object Object],[object Object],[object Object],[object Object],[object Object],[object Object],[object Object],[object Object],[object Object],[object Object],[object Object],[object Object],[object Object],[object Object],[object Object]"
        striped="true"
      />
    </ccol-stub>
  </crow-stub>
   
  <crow-stub
    gutters="true"
    tag="div"
  >
    <ccol-stub
      lg="6"
      tag="div"
    >
      <ctablewrapper-stub
        caption="Condensed Table"
        fields="username,registered,role,status"
        items="[object Object],[object Object],[object Object],[object Object],[object Object],[object Object],[object Object],[object Object],[object Object],[object Object],[object Object],[object Object],[object Object],[object Object],[object Object],[object Object],[object Object],[object Object],[object Object],[object Object],[object Object],[object Object],[object Object],[object Object],[object Object]"
        small="true"
      />
    </ccol-stub>
     
    <ccol-stub
      lg="6"
      tag="div"
    >
      <ctablewrapper-stub
        bordered="true"
        caption="Bordered Table"
        fields="username,registered,role,status"
        fixed="true"
        items="[object Object],[object Object],[object Object],[object Object],[object Object],[object Object],[object Object],[object Object],[object Object],[object Object],[object Object],[object Object],[object Object],[object Object],[object Object],[object Object],[object Object],[object Object],[object Object],[object Object],[object Object],[object Object],[object Object],[object Object],[object Object]"
      />
    </ccol-stub>
  </crow-stub>
   
  <crow-stub
    gutters="true"
    tag="div"
  >
    <ccol-stub
      sm="12"
      tag="div"
    >
      <ctablewrapper-stub
        bordered="true"
        caption="Combined All Table"
        fields="username,registered,role,status"
        fixed="true"
        hover="true"
        items="[object Object],[object Object],[object Object],[object Object],[object Object],[object Object],[object Object],[object Object],[object Object],[object Object],[object Object],[object Object],[object Object],[object Object],[object Object],[object Object],[object Object],[object Object],[object Object],[object Object],[object Object],[object Object],[object Object],[object Object],[object Object]"
        small="true"
        striped="true"
      />
    </ccol-stub>
  </crow-stub>
   
  <crow-stub
    gutters="true"
    tag="div"
  >
    <ccol-stub
      sm="12"
      tag="div"
    >
      <ctablewrapper-stub
        bordered="true"
        caption="Combined All dark Table"
        dark="true"
        fields="username,registered,role,status"
        fixed="true"
        hover="true"
        items="[object Object],[object Object],[object Object],[object Object],[object Object],[object Object],[object Object],[object Object],[object Object],[object Object],[object Object],[object Object],[object Object],[object Object],[object Object],[object Object],[object Object],[object Object],[object Object],[object Object],[object Object],[object Object],[object Object],[object Object],[object Object]"
        small="true"
        striped="true"
      />
    </ccol-stub>
  </crow-stub>
</div>
`;
