// Jest Snapshot v1, https://goo.gl/fbAQLP

exports[`Tooltips.vue renders correctly 1`] = `
<div>
  <ccard-stub>
    <ccardheader-stub>
      <cicon-stub
        name="cil-justify-center"
      />
       
      <strong>
         Bootstrap Tooltips 
      </strong>
       
      <small>
        <code>
          v-c-tooltip
        </code>
         directive
      </small>
       
      <div
        class="card-header-actions"
      >
        <a
          class="card-header-action"
          href="https://coreui.io/vue/docs/directives/tooltip"
          rel="noreferrer noopener"
          target="_blank"
        >
          <small
            class="text-muted"
          >
            docs
          </small>
        </a>
      </div>
    </ccardheader-stub>
     
    <ccardbody-stub>
      <crow-stub
        gutters="true"
        tag="div"
      >
        <ccol-stub
          col="6"
          tag="div"
        >
          <div
            class="text-center my-3"
          >
            <cbutton-stub
              activeclass="active"
              color="secondary"
              event="click"
              exactactiveclass="active"
              routertag="a"
              target="_self"
              type="button"
            >
              
              Hover Me
            
            </cbutton-stub>
          </div>
        </ccol-stub>
         
        <ccol-stub
          col="6"
          tag="div"
        >
          <div
            class="text-center my-3"
          >
            <cbutton-stub
              activeclass="active"
              color="secondary"
              event="click"
              exactactiveclass="active"
              routertag="a"
              target="_self"
              type="button"
            >
              
              Hover me
            
            </cbutton-stub>
          </div>
        </ccol-stub>
      </crow-stub>
    </ccardbody-stub>
  </ccard-stub>
   
  <ccard-stub>
    <ccardheader-stub>
      <cicon-stub
        name="cil-justify-center"
      />
       
      <strong>
         Tooltips 
      </strong>
       
      <small>
        placement
      </small>
    </ccardheader-stub>
     
    <ccardbody-stub>
      <div
        class="my-3"
      >
        <crow-stub
          gutters="true"
          tag="div"
        >
          <ccol-stub
            class="py-4 text-center"
            md="4"
            tag="div"
          >
            <cbutton-stub
              activeclass="active"
              color="primary"
              event="click"
              exactactiveclass="active"
              routertag="a"
              target="_self"
              type="button"
            >
              
              top-start
            
            </cbutton-stub>
          </ccol-stub>
          <ccol-stub
            class="py-4 text-center"
            md="4"
            tag="div"
          >
            <cbutton-stub
              activeclass="active"
              color="primary"
              event="click"
              exactactiveclass="active"
              routertag="a"
              target="_self"
              type="button"
            >
              
              top
            
            </cbutton-stub>
          </ccol-stub>
          <ccol-stub
            class="py-4 text-center"
            md="4"
            tag="div"
          >
            <cbutton-stub
              activeclass="active"
              color="primary"
              event="click"
              exactactiveclass="active"
              routertag="a"
              target="_self"
              type="button"
            >
              
              top-end
            
            </cbutton-stub>
          </ccol-stub>
          <ccol-stub
            class="py-4 text-center"
            md="4"
            tag="div"
          >
            <cbutton-stub
              activeclass="active"
              color="primary"
              event="click"
              exactactiveclass="active"
              routertag="a"
              target="_self"
              type="button"
            >
              
              bottom-start
            
            </cbutton-stub>
          </ccol-stub>
          <ccol-stub
            class="py-4 text-center"
            md="4"
            tag="div"
          >
            <cbutton-stub
              activeclass="active"
              color="primary"
              event="click"
              exactactiveclass="active"
              routertag="a"
              target="_self"
              type="button"
            >
              
              bottom
            
            </cbutton-stub>
          </ccol-stub>
          <ccol-stub
            class="py-4 text-center"
            md="4"
            tag="div"
          >
            <cbutton-stub
              activeclass="active"
              color="primary"
              event="click"
              exactactiveclass="active"
              routertag="a"
              target="_self"
              type="button"
            >
              
              bottom-end
            
            </cbutton-stub>
          </ccol-stub>
          <ccol-stub
            class="py-4 text-center"
            md="4"
            tag="div"
          >
            <cbutton-stub
              activeclass="active"
              color="primary"
              event="click"
              exactactiveclass="active"
              routertag="a"
              target="_self"
              type="button"
            >
              
              right-start
            
            </cbutton-stub>
          </ccol-stub>
          <ccol-stub
            class="py-4 text-center"
            md="4"
            tag="div"
          >
            <cbutton-stub
              activeclass="active"
              color="primary"
              event="click"
              exactactiveclass="active"
              routertag="a"
              target="_self"
              type="button"
            >
              
              right
            
            </cbutton-stub>
          </ccol-stub>
          <ccol-stub
            class="py-4 text-center"
            md="4"
            tag="div"
          >
            <cbutton-stub
              activeclass="active"
              color="primary"
              event="click"
              exactactiveclass="active"
              routertag="a"
              target="_self"
              type="button"
            >
              
              right-end
            
            </cbutton-stub>
          </ccol-stub>
          <ccol-stub
            class="py-4 text-center"
            md="4"
            tag="div"
          >
            <cbutton-stub
              activeclass="active"
              color="primary"
              event="click"
              exactactiveclass="active"
              routertag="a"
              target="_self"
              type="button"
            >
              
              left-start
            
            </cbutton-stub>
          </ccol-stub>
          <ccol-stub
            class="py-4 text-center"
            md="4"
            tag="div"
          >
            <cbutton-stub
              activeclass="active"
              color="primary"
              event="click"
              exactactiveclass="active"
              routertag="a"
              target="_self"
              type="button"
            >
              
              left
            
            </cbutton-stub>
          </ccol-stub>
          <ccol-stub
            class="py-4 text-center"
            md="4"
            tag="div"
          >
            <cbutton-stub
              activeclass="active"
              color="primary"
              event="click"
              exactactiveclass="active"
              routertag="a"
              target="_self"
              type="button"
            >
              
              left-end
            
            </cbutton-stub>
          </ccol-stub>
        </crow-stub>
      </div>
    </ccardbody-stub>
  </ccard-stub>
</div>
`;
