// Jest Snapshot v1, https://goo.gl/fbAQLP

exports[`Page404.vue renders correctly 1`] = `
<ccontainer-stub
  class="d-flex align-items-center min-vh-100"
  tag="div"
>
  <crow-stub
    class="w-100 justify-content-center"
    gutters="true"
    tag="div"
  >
    <ccol-stub
      md="6"
      tag="div"
    >
      <div
        class="w-100"
      >
        <div
          class="clearfix"
        >
          <h1
            class="float-left display-3 mr-4"
          >
            404
          </h1>
           
          <h4
            class="pt-3"
          >
            Oops! You're lost.
          </h4>
           
          <p
            class="text-muted"
          >
            The page you are looking for was not found.
          </p>
        </div>
         
        <cinput-stub
          class="mb-3"
          lazy="400"
          placeholder="What are you looking for?"
          type="text"
        />
      </div>
    </ccol-stub>
  </crow-stub>
</ccontainer-stub>
`;
