// Jest Snapshot v1, https://goo.gl/fbAQLP

exports[`Page500.vue renders correctly 1`] = `
<ccontainer-stub
  class="d-flex align-items-center min-vh-100"
  tag="div"
>
  <crow-stub
    class="w-100 justify-content-center"
    gutters="true"
    tag="div"
  >
    <ccol-stub
      md="6"
      tag="div"
    >
      <div
        class="clearfix"
      >
        <h1
          class="float-left display-3 mr-4"
        >
          500
        </h1>
         
        <h4
          class="pt-3"
        >
          Houston, we have a problem!
        </h4>
         
        <p
          class="text-muted"
        >
          The page you are looking for is temporarily unavailable.
        </p>
      </div>
       
      <cinput-stub
        class="mb-3"
        lazy="400"
        placeholder="What are you looking for?"
        type="text"
      />
    </ccol-stub>
  </crow-stub>
</ccontainer-stub>
`;
